ndrbn@ndrbn MINGW64 ~/Desktop/Spiced
$ git clone git@github.com:ndrbn0/web-challenge.git
Cloning into 'web-challenge'...
warning: You appear to have cloned an empty repository.

ndrbn@ndrbn MINGW64 ~/Desktop/Spiced
$ touch README.md doc.txt

ndrbn@ndrbn MINGW64 ~/Desktop/Spiced
$ ls
 Logo.ico                     css-flexbox_profile/
'Personal page'/              css-positioning_absolute-no-advanced-requirements/
 Test/                        css-positioning_layout-with-position/
 Test-html/                   desktop.ini
 css-basics_combined-users/  'div salad'/
 css-basics_pink-box/         shell-basics_treasure-hunt/
 css-basics_pseudo-park/      var/
 css-flexbox_navigation/      web-challenge/

ndrbn@ndrbn MINGW64 ~/Desktop/Spiced
$ cd web-challenge

ndrbn@ndrbn MINGW64 ~/Desktop/Spiced/web-challenge (main)
$ ls
README.md  doc.txt

ndrbn@ndrbn MINGW64 ~/Desktop/Spiced/web-challenge (main)
$ git add.
git: 'add.' is not a git command. See 'git --help'.

The most similar command is
        add

ndrbn@ndrbn MINGW64 ~/Desktop/Spiced/web-challenge (main)
$ git add .

ndrbn@ndrbn MINGW64 ~/Desktop/Spiced/web-challenge (main)
$ git status
On branch main

No commits yet

Changes to be committed:
  (use "git rm --cached <file>..." to unstage)
        new file:   README.md
        new file:   doc.txt


ndrbn@ndrbn MINGW64 ~/Desktop/Spiced/web-challenge (main)
$ git commit -m 'added files'
[main (root-commit) bf4f5a5] added files
 2 files changed, 0 insertions(+), 0 deletions(-)
 create mode 100644 README.md
 create mode 100644 doc.txt

ndrbn@ndrbn MINGW64 ~/Desktop/Spiced/web-challenge (main)
$ git push origin main
Enumerating objects: 3, done.
Counting objects: 100% (3/3), done.
Delta compression using up to 12 threads
Compressing objects: 100% (2/2), done.
Writing objects: 100% (3/3), 223 bytes | 223.00 KiB/s, done.
Total 3 (delta 0), reused 0 (delta 0), pack-reused 0 (from 0)
To github.com:ndrbn0/web-challenge.git
 * [new branch]      main -> main

ndrbn@ndrbn MINGW64 ~/Desktop/Spiced/web-challenge (main)
$ git pull origin main
remote: Enumerating objects: 5, done.
remote: Counting objects: 100% (5/5), done.
remote: Compressing objects: 100% (2/2), done.
remote: Total 3 (delta 0), reused 0 (delta 0), pack-reused 0
Unpacking objects: 100% (3/3), 975 bytes | 325.00 KiB/s, done.
From github.com:ndrbn0/web-challenge
 * branch            main       -> FETCH_HEAD
   bf4f5a5..7c4f934  main       -> origin/main
Updating bf4f5a5..7c4f934
Fast-forward
 doc.txt | 1 +
 1 file changed, 1 insertion(+)

ndrbn@ndrbn MINGW64 ~/Desktop/Spiced/web-challenge (main)
$ git branch type2

ndrbn@ndrbn MINGW64 ~/Desktop/Spiced/web-challenge (main)
$ git branch
* main
  type2

ndrbn@ndrbn MINGW64 ~/Desktop/Spiced/web-challenge (main)
$ git branch type3

ndrbn@ndrbn MINGW64 ~/Desktop/Spiced/web-challenge (main)
$ git branch
* main
  type2
  type3

ndrbn@ndrbn MINGW64 ~/Desktop/Spiced/web-challenge (main)
$ git status
On branch main
Your branch is up to date with 'origin/main'.

nothing to commit, working tree clean

ndrbn@ndrbn MINGW64 ~/Desktop/Spiced/web-challenge (main)
$ git add .

ndrbn@ndrbn MINGW64 ~/Desktop/Spiced/web-challenge (main)
$ git commit -m 'branches were added'
On branch main
Your branch is up to date with 'origin/main'.

nothing to commit, working tree clean

ndrbn@ndrbn MINGW64 ~/Desktop/Spiced/web-challenge (main)
$ git push origin main
Everything up-to-date

ndrbn@ndrbn MINGW64 ~/Desktop/Spiced/web-challenge (main)
$ git branch type

ndrbn@ndrbn MINGW64 ~/Desktop/Spiced/web-challenge (main)
$ git branch
* main
  type
  type2
  type3

ndrbn@ndrbn MINGW64 ~/Desktop/Spiced/web-challenge (main)
$ git checkout type
Switched to branch 'type'

ndrbn@ndrbn MINGW64 ~/Desktop/Spiced/web-challenge (type)
$ git branch
  main
* type
  type2
  type3

ndrbn@ndrbn MINGW64 ~/Desktop/Spiced/web-challenge (type)
$ git add .

ndrbn@ndrbn MINGW64 ~/Desktop/Spiced/web-challenge (type)
$ git commit -m 'add branch type'
On branch type
nothing to commit, working tree clean

ndrbn@ndrbn MINGW64 ~/Desktop/Spiced/web-challenge (type)
$ git push origin type
Total 0 (delta 0), reused 0 (delta 0), pack-reused 0 (from 0)
remote:
remote: Create a pull request for 'type' on GitHub by visiting:
remote:      https://github.com/ndrbn0/web-challenge/pull/new/type
remote:
To github.com:ndrbn0/web-challenge.git
 * [new branch]      type -> type

ndrbn@ndrbn MINGW64 ~/Desktop/Spiced/web-challenge (type)
$ touch type.txt

ndrbn@ndrbn MINGW64 ~/Desktop/Spiced/web-challenge (type)
$ git status
On branch type
Untracked files:
  (use "git add <file>..." to include in what will be committed)
        type.txt

nothing added to commit but untracked files present (use "git add" to track)

ndrbn@ndrbn MINGW64 ~/Desktop/Spiced/web-challenge (type)
$ git add .

ndrbn@ndrbn MINGW64 ~/Desktop/Spiced/web-challenge (type)
$ git commit -m 'added a text file to type'
[type 56cae67] added a text file to type
 1 file changed, 0 insertions(+), 0 deletions(-)
 create mode 100644 type.txt

ndrbn@ndrbn MINGW64 ~/Desktop/Spiced/web-challenge (type)
$ git push origin type
Enumerating objects: 3, done.
Counting objects: 100% (3/3), done.
Delta compression using up to 12 threads
Compressing objects: 100% (2/2), done.
Writing objects: 100% (2/2), 285 bytes | 285.00 KiB/s, done.
Total 2 (delta 0), reused 0 (delta 0), pack-reused 0 (from 0)
To github.com:ndrbn0/web-challenge.git
   7c4f934..56cae67  type -> type

ndrbn@ndrbn MINGW64 ~/Desktop/Spiced/web-challenge (type)
$ git status
On branch type
nothing to commit, working tree clean

ndrbn@ndrbn MINGW64 ~/Desktop/Spiced/web-challenge (type)
$ git branch
  main
* type
  type2
  type3

ndrbn@ndrbn MINGW64 ~/Desktop/Spiced/web-challenge (type)
$ git checkout main
Switched to branch 'main'
Your branch is up to date with 'origin/main'.

ndrbn@ndrbn MINGW64 ~/Desktop/Spiced/web-challenge (main)
$ git checkout type
Switched to branch 'type'

ndrbn@ndrbn MINGW64 ~/Desktop/Spiced/web-challenge (type)
$ git checkout main
Switched to branch 'main'
Your branch is up to date with 'origin/main'.

ndrbn@ndrbn MINGW64 ~/Desktop/Spiced/web-challenge (main)
$ git checkout type2
Switched to branch 'type2'

ndrbn@ndrbn MINGW64 ~/Desktop/Spiced/web-challenge (type2)
$ git push type2
fatal: 'type2' does not appear to be a git repository
fatal: Could not read from remote repository.

Please make sure you have the correct access rights
and the repository exists.

ndrbn@ndrbn MINGW64 ~/Desktop/Spiced/web-challenge (type2)
$ git push origin type2
Total 0 (delta 0), reused 0 (delta 0), pack-reused 0 (from 0)
remote:
remote: Create a pull request for 'type2' on GitHub by visiting:
remote:      https://github.com/ndrbn0/web-challenge/pull/new/type2
remote:
To github.com:ndrbn0/web-challenge.git
 * [new branch]      type2 -> type2

ndrbn@ndrbn MINGW64 ~/Desktop/Spiced/web-challenge (type2)
$ git push origin type3
Total 0 (delta 0), reused 0 (delta 0), pack-reused 0 (from 0)
remote:
remote: Create a pull request for 'type3' on GitHub by visiting:
remote:      https://github.com/ndrbn0/web-challenge/pull/new/type3
remote:
To github.com:ndrbn0/web-challenge.git
 * [new branch]      type3 -> type3

ndrbn@ndrbn MINGW64 ~/Desktop/Spiced/web-challenge (type2)
$ git checkout type2
Already on 'type2'

ndrbn@ndrbn MINGW64 ~/Desktop/Spiced/web-challenge (type2)
$ touch index.html

ndrbn@ndrbn MINGW64 ~/Desktop/Spiced/web-challenge (type2)
$ git push origin type2
Everything up-to-date

ndrbn@ndrbn MINGW64 ~/Desktop/Spiced/web-challenge (type2)
$ git add .

ndrbn@ndrbn MINGW64 ~/Desktop/Spiced/web-challenge (type2)
$ git commit -m 'added html file'
[type2 2d5c376] added html file
 1 file changed, 0 insertions(+), 0 deletions(-)
 create mode 100644 index.html

ndrbn@ndrbn MINGW64 ~/Desktop/Spiced/web-challenge (type2)
$ git status
On branch type2
nothing to commit, working tree clean

ndrbn@ndrbn MINGW64 ~/Desktop/Spiced/web-challenge (type2)
$ git push origin type2
Enumerating objects: 3, done.
Counting objects: 100% (3/3), done.
Delta compression using up to 12 threads
Compressing objects: 100% (2/2), done.
Writing objects: 100% (2/2), 279 bytes | 279.00 KiB/s, done.
Total 2 (delta 0), reused 0 (delta 0), pack-reused 0 (from 0)
To github.com:ndrbn0/web-challenge.git
   7c4f934..2d5c376  type2 -> type2

ndrbn@ndrbn MINGW64 ~/Desktop/Spiced/web-challenge (type2)
$ git checkout main
Switched to branch 'main'
Your branch is up to date with 'origin/main'.

ndrbn@ndrbn MINGW64 ~/Desktop/Spiced/web-challenge (main)
$ git checkout type3
Switched to branch 'type3'

ndrbn@ndrbn MINGW64 ~/Desktop/Spiced/web-challenge (type3)
$ ls
README.md  doc.txt

ndrbn@ndrbn MINGW64 ~/Desktop/Spiced/web-challenge (type3)
$ touch index.html style.css

ndrbn@ndrbn MINGW64 ~/Desktop/Spiced/web-challenge (type3)
$ git status
On branch type3
Untracked files:
  (use "git add <file>..." to include in what will be committed)
        index.html
        style.css

nothing added to commit but untracked files present (use "git add" to track)

ndrbn@ndrbn MINGW64 ~/Desktop/Spiced/web-challenge (type3)
$ git add .

ndrbn@ndrbn MINGW64 ~/Desktop/Spiced/web-challenge (type3)
$ git commit -m 'added new files in type3'
[type3 3b4161f] added new files in type3
 2 files changed, 0 insertions(+), 0 deletions(-)
 create mode 100644 index.html
 create mode 100644 style.css

ndrbn@ndrbn MINGW64 ~/Desktop/Spiced/web-challenge (type3)
$ git push origin type3
Enumerating objects: 3, done.
Counting objects: 100% (3/3), done.
Delta compression using up to 12 threads
Compressing objects: 100% (2/2), done.
Writing objects: 100% (2/2), 301 bytes | 301.00 KiB/s, done.
Total 2 (delta 0), reused 0 (delta 0), pack-reused 0 (from 0)
To github.com:ndrbn0/web-challenge.git
   7c4f934..3b4161f  type3 -> type3

ndrbn@ndrbn MINGW64 ~/Desktop/Spiced/web-challenge (type3)
$ echo "The first steps to create different branches to work on" > README.md

ndrbn@ndrbn MINGW64 ~/Desktop/Spiced/web-challenge (type3)
$ git status
On branch type3
Changes not staged for commit:
  (use "git add <file>..." to update what will be committed)
  (use "git restore <file>..." to discard changes in working directory)
        modified:   README.md

no changes added to commit (use "git add" and/or "git commit -a")

ndrbn@ndrbn MINGW64 ~/Desktop/Spiced/web-challenge (type3)
$ git add .
warning: in the working copy of 'README.md', LF will be replaced by CRLF the next time Git touches it

ndrbn@ndrbn MINGW64 ~/Desktop/Spiced/web-challenge (type3)
$ ls
README.md  doc.txt  index.html  style.css

ndrbn@ndrbn MINGW64 ~/Desktop/Spiced/web-challenge (type3)
$ git status
On branch type3
Changes to be committed:
  (use "git restore --staged <file>..." to unstage)
        modified:   README.md


ndrbn@ndrbn MINGW64 ~/Desktop/Spiced/web-challenge (type3)
$ git commit -m 'modified the README.md'
[type3 530df28] modified the README.md
 1 file changed, 1 insertion(+)

ndrbn@ndrbn MINGW64 ~/Desktop/Spiced/web-challenge (type3)
$ git status
On branch type3
nothing to commit, working tree clean

ndrbn@ndrbn MINGW64 ~/Desktop/Spiced/web-challenge (type3)
$ git push origin type3
Enumerating objects: 5, done.
Counting objects: 100% (5/5), done.
Delta compression using up to 12 threads
Compressing objects: 100% (3/3), done.
Writing objects: 100% (3/3), 386 bytes | 386.00 KiB/s, done.
Total 3 (delta 0), reused 0 (delta 0), pack-reused 0 (from 0)
To github.com:ndrbn0/web-challenge.git
   3b4161f..530df28  type3 -> type3

ndrbn@ndrbn MINGW64 ~/Desktop/Spiced/web-challenge (type3)
$ git checkout type4
error: pathspec 'type4' did not match any file(s) known to git

ndrbn@ndrbn MINGW64 ~/Desktop/Spiced/web-challenge (type3)
$ git checkout -b type4
Switched to a new branch 'type4'

ndrbn@ndrbn MINGW64 ~/Desktop/Spiced/web-challenge (type4)
$ git status
On branch type4
nothing to commit, working tree clean

ndrbn@ndrbn MINGW64 ~/Desktop/Spiced/web-challenge (type4)
$ git branch
  main
  type
  type2
  type3
* type4

ndrbn@ndrbn MINGW64 ~/Desktop/Spiced/web-challenge (type4)
$ git add .

ndrbn@ndrbn MINGW64 ~/Desktop/Spiced/web-challenge (type4)
$ git commit -m 'created a new branch'
On branch type4
nothing to commit, working tree clean

ndrbn@ndrbn MINGW64 ~/Desktop/Spiced/web-challenge (type4)
$ git push origin type4
Total 0 (delta 0), reused 0 (delta 0), pack-reused 0 (from 0)
remote:
remote: Create a pull request for 'type4' on GitHub by visiting:
remote:      https://github.com/ndrbn0/web-challenge/pull/new/type4
remote:
To github.com:ndrbn0/web-challenge.git
 * [new branch]      type4 -> type4

ndrbn@ndrbn MINGW64 ~/Desktop/Spiced/web-challenge (type4)
$ git status
On branch type4
nothing to commit, working tree clean

ndrbn@ndrbn MINGW64 ~/Desktop/Spiced/web-challenge (type4)
$ git log
commit 530df281b711d18ffb069f15a839b845f75c8d2a (HEAD -> type4, origin/type4, origin/type3, type3)
Author: ndrbn0 <andrea.bruni1992@gmail.com>
Date:   Wed May 1 16:07:03 2024 +0200

    modified the README.md

commit 3b4161fa65dd4bdb6dcb1ab145e3aeabe0bd0090
Author: ndrbn0 <andrea.bruni1992@gmail.com>
Date:   Wed May 1 16:04:51 2024 +0200

    added new files in type3

commit 7c4f934382ae32b33b4d02dc6f73d7ff43a3c539 (origin/main, main)
Author: Andrea Bruni <168083201+ndrbn0@users.noreply.github.com>
Date:   Wed May 1 15:40:24 2024 +0200

    Update doc.txt

commit bf4f5a502ecab6f04b7d0e0d7adc1a82ec12eb0d
Author: ndrbn0 <andrea.bruni1992@gmail.com>
Date:   Wed May 1 15:37:05 2024 +0200

    added files

ndrbn@ndrbn MINGW64 ~/Desktop/Spiced/web-challenge (type4)
$ touch coding.py

ndrbn@ndrbn MINGW64 ~/Desktop/Spiced/web-challenge (type4)
$ git status
On branch type4
Untracked files:
  (use "git add <file>..." to include in what will be committed)
        coding.py

nothing added to commit but untracked files present (use "git add" to track)

ndrbn@ndrbn MINGW64 ~/Desktop/Spiced/web-challenge (type4)
$ git add .

ndrbn@ndrbn MINGW64 ~/Desktop/Spiced/web-challenge (type4)
$ git commit -m 'created a .py file'
[type4 999a894] created a .py file
 1 file changed, 0 insertions(+), 0 deletions(-)
 create mode 100644 coding.py

ndrbn@ndrbn MINGW64 ~/Desktop/Spiced/web-challenge (type4)
$ git push origin type4
Enumerating objects: 3, done.
Counting objects: 100% (3/3), done.
Delta compression using up to 12 threads
Compressing objects: 100% (2/2), done.
Writing objects: 100% (2/2), 241 bytes | 241.00 KiB/s, done.
Total 2 (delta 1), reused 0 (delta 0), pack-reused 0 (from 0)
remote: Resolving deltas: 100% (1/1), completed with 1 local object.
To github.com:ndrbn0/web-challenge.git
   530df28..999a894  type4 -> type4

ndrbn@ndrbn MINGW64 ~/Desktop/Spiced/web-challenge (type4)
$ code .

ndrbn@ndrbn MINGW64 ~/Desktop/Spiced/web-challenge (type4)
$
